// Jest Snapshot v1, https://goo.gl/fbAQLP

exports[`renders correctly 1`] = `
<View
  style={
    Object {
      "alignItems": "flex-start",
      "backgroundColor": "#fbfbfb",
      "borderRadius": 10,
      "height": 125,
      "marginBottom": 10,
      "marginLeft": 10,
      "marginRight": 10,
      "marginTop": 10,
      "paddingHorizontal": 15,
      "paddingVertical": 15,
      "shadowColor": "black",
      "shadowOffset": Object {
        "height": -3,
        "width": 0,
      },
      "shadowOpacity": 0.1,
      "shadowRadius": 3,
    }
  }
>
  <View
    style={
      Object {
        "flex": 3,
      }
    }
  >
    <Text
      style={
        Object {
          "color": "rgba(70,70,70, 1)",
          "fontSize": 17,
          "textAlign": "left",
        }
      }
    >
      name
      : 
      time
    </Text>
    <Text
      style={
        Object {
          "color": "rgba(96,100,109, 0.8)",
          "fontSize": 13,
          "textAlign": "left",
        }
      }
    >
      Dosage: 
      dosage
    </Text>
  </View>
  <View
    style={
      Object {
        "flex": 1,
        "flexDirection": "row",
      }
    }
  >
    <Text
      style={
        Object {
          "color": "rgba(121,51,153, 1)",
          "fontSize": 18,
          "fontWeight": "bold",
          "textAlign": "left",
        }
      }
    >
      Log Pill
    </Text>
    <Text
      style={
        Object {
          "color": "rgba(121,51,153, 1)",
          "fontSize": 18,
          "fontWeight": "bold",
          "marginLeft": 60,
          "textAlign": "left",
        }
      }
    >
      Dismiss
    </Text>
  </View>
</View>
`;
