// Jest Snapshot v1, https://goo.gl/fbAQLP

exports[`renders correctly 1`] = `
<View
  style={
    Object {
      "backgroundColor": "#fbfbfb",
      "borderRadius": 10,
      "height": 115,
      "marginBottom": 10,
      "marginLeft": 10,
      "marginRight": 10,
      "marginTop": 10,
      "paddingHorizontal": 15,
      "paddingVertical": 15,
      "shadowColor": "black",
      "shadowOffset": Object {
        "height": -3,
        "width": 0,
      },
      "shadowOpacity": 0.1,
      "shadowRadius": 3,
    }
  }
>
  <View
    style={
      Object {
        "flexDirection": "row",
      }
    }
  >
    <View
      style={
        Object {
          "alignItems": "center",
          "flexDirection": "column",
          "marginLeft": 30,
          "width": "78%",
        }
      }
    >
      <Text
        style={
          Object {
            "color": "rgba(70,70,70, 1)",
            "fontSize": 15,
            "marginBottom": 10,
            "textAlign": "center",
          }
        }
      >
        Pills Logged Today
      </Text>
    </View>
    <View
      style={
        Object {
          "alignItems": "flex-start",
          "flexDirection": "column",
          "width": "22%",
        }
      }
    >
      <View
        style={
          Object {
            "flexDirection": "row",
          }
        }
      >
        <Text
          style={
            Object {
              "color": "rgba(121,51,153, 1)",
              "fontSize": 14,
              "fontWeight": "bold",
              "textAlign": "left",
            }
          }
        >
          Edit
        </Text>
        <Text />
      </View>
    </View>
  </View>
  <View
    style={
      Object {
        "flexDirection": "row",
        "marginLeft": 3,
        "marginRight": 3,
      }
    }
  >
    <View
      style={
        Object {
          "alignItems": "flex-start",
          "flexDirection": "column",
          "width": "45%",
        }
      }
    >
      <Text
        style={
          Object {
            "color": "rgba(90,90,90, 1)",
            "fontSize": 13,
            "textAlign": "left",
          }
        }
      >
        Ibuprofen
      </Text>
    </View>
    <View
      style={
        Object {
          "alignItems": "flex-start",
          "flexDirection": "column",
          "width": "15%",
        }
      }
    >
      <Text
        style={
          Object {
            "color": "rgba(90,90,90, 1)",
            "fontSize": 13,
            "textAlign": "left",
          }
        }
      >
        2 pills
      </Text>
    </View>
    <View
      style={
        Object {
          "alignItems": "flex-end",
          "flexDirection": "column",
          "width": "40%",
        }
      }
    >
      <Text
        style={
          Object {
            "color": "rgba(90,90,90, 1)",
            "fontSize": 13,
            "textAlign": "left",
          }
        }
      >
        8:30 a.m.
      </Text>
    </View>
  </View>
  <View
    style={
      Object {
        "flexDirection": "row",
        "marginLeft": 3,
        "marginRight": 3,
      }
    }
  >
    <View
      style={
        Object {
          "alignItems": "flex-start",
          "flexDirection": "column",
          "width": "45%",
        }
      }
    >
      <Text
        style={
          Object {
            "color": "rgba(90,90,90, 1)",
            "fontSize": 13,
            "textAlign": "left",
          }
        }
      >
        Ibuprofen
      </Text>
    </View>
    <View
      style={
        Object {
          "alignItems": "flex-start",
          "flexDirection": "column",
          "width": "15%",
        }
      }
    >
      <Text
        style={
          Object {
            "color": "rgba(90,90,90, 1)",
            "fontSize": 13,
            "textAlign": "left",
          }
        }
      >
        2 pills
      </Text>
    </View>
    <View
      style={
        Object {
          "alignItems": "flex-end",
          "flexDirection": "column",
          "width": "40%",
        }
      }
    >
      <Text
        style={
          Object {
            "color": "rgba(90,90,90, 1)",
            "fontSize": 13,
            "textAlign": "left",
          }
        }
      >
        1:07 p.m.
      </Text>
    </View>
  </View>
  <View
    style={
      Object {
        "flexDirection": "row",
        "marginLeft": 3,
        "marginRight": 3,
      }
    }
  >
    <View
      style={
        Object {
          "alignItems": "flex-start",
          "flexDirection": "column",
          "width": "45%",
        }
      }
    >
      <Text
        style={
          Object {
            "color": "rgba(90,90,90, 1)",
            "fontSize": 13,
            "textAlign": "left",
          }
        }
      >
        Nitroglycerin
      </Text>
    </View>
    <View
      style={
        Object {
          "alignItems": "flex-start",
          "flexDirection": "column",
          "width": "15%",
        }
      }
    >
      <Text
        style={
          Object {
            "color": "rgba(90,90,90, 1)",
            "fontSize": 13,
            "textAlign": "left",
          }
        }
      >
        1 pill
      </Text>
    </View>
    <View
      style={
        Object {
          "alignItems": "flex-end",
          "flexDirection": "column",
          "width": "40%",
        }
      }
    >
      <Text
        style={
          Object {
            "color": "rgba(90,90,90, 1)",
            "fontSize": 13,
            "textAlign": "left",
          }
        }
      >
        3:45 p.m.
      </Text>
    </View>
  </View>
</View>
`;
